======================================================================
Direct CUDA Benchmark — Robertson stiff ODE (Level 4)
======================================================================
Device: Tesla V100-SXM2-32GB
Compiler backend: nvcc
Settings: rtol=1.0e-03 atol=1.0e-06 dt0=1.0e-04 tf=1e+05
Sweep: k2 ∈ linspace(0, 1e4, N)

Correctness:
  k2=       0: y=[6.907045e-21, -4.555839e-10, 1.000000e+00]  max_err=4.56e-10  [OK]
  k2=     100: y=[2.046358e-06, 8.183438e-10, 9.999982e-01]  max_err=2.49e-07  [OK]
  k2=    1000: y=[2.075935e-04, 8.303392e-09, 9.997925e-01]  max_err=8.98e-07  [OK]
  k2=   10000: y=[1.782790e-02, 7.258920e-08, 9.821720e-01]  max_err=3.80e-05  [OK]
  Overall max_err=3.80e-05

Convergence test (Rosenbrock23, k2=1e4, single trajectory):
        rtol        atol     max_err      y1_err      y2_err      y3_err
     1.0e-02     1.0e-05    1.26e-04    1.26e-04    5.24e-10    1.26e-04  
     1.0e-03     1.0e-06    3.80e-05    3.80e-05    1.58e-10    3.78e-05  3.3x
     1.0e-04     1.0e-07    1.06e-05    1.05e-05    4.35e-11    1.06e-05  3.6x
     1.0e-05     1.0e-08    2.72e-06    2.52e-06    1.05e-11    2.72e-06  3.9x

--- block_size=64 ---
           N     Ros23-adp
       1,024        0.10ms
      10,240        0.10ms
     102,400        0.19ms
   1,024,000        1.12ms
   8,388,608        8.64ms

--- block_size=128 ---
           N     Ros23-adp
       1,024        0.10ms
      10,240        0.10ms
     102,400        0.19ms
   1,024,000        1.12ms
   8,388,608        8.64ms

--- block_size=256 ---
           N     Ros23-adp
       1,024        0.11ms
      10,240        0.11ms
     102,400        0.19ms
   1,024,000        1.13ms
   8,388,608        8.66ms

Wrote results/cuda_robertson.csv
