SLURM_JOB_ID: 59078903
SLURM_JOB_USER: vsc32553
SLURM_JOB_ACCOUNT: intro_vsc32553
SLURM_JOB_NAME: snakejob.jax_robertson_generic.0.sh
SLURM_CLUSTER_NAME: genius
SLURM_JOB_PARTITION: gpu_v100
SLURM_NNODES: 1
SLURM_NODELIST: r24g09
SLURM_JOB_CPUS_PER_NODE: 4
SLURM_JOB_GPUS: 6
Date: Wed Apr  8 12:41:20 CEST 2026
Walltime: 00-00:30:00
========================================================================
Reference (SciPy Radau, f64): [1.78659211e-02 7.27475147e-08 9.82134006e-01]
Rosenbrock23-JAX-generic (f32): y=[0.01782822, 7.25898488e-08, 0.98218149]
  max_err=4.75e-05  components=[3.77e-05, 1.58e-10, 4.75e-05]  [OK]

======================================================================
JAX vmap Robertson Benchmark — GENERIC (autodiff Jacobian, Cramer solve)
======================================================================
Device: Tesla V100-SXM2-32GB (gpu)
JAX version: 0.9.2
Settings: rtol=1.0e-03 atol=1.0e-06 dt0=1.0e-04 tf=1e+05

  N=     1,024:      1.97 ms
  N=    10,240:      2.11 ms
  N=   102,400:      5.25 ms
  N= 1,024,000:     79.09 ms
  N= 8,388,608:    680.13 ms

Wrote results/jax_robertson_generic.csv
