=== Latest Julia Lorenz ===
Trajectories: 8388608
CUDA device: Tesla V100-SXM2-32GB

Warming up...

=== Fixed stepping (GPUTsit5, dt=0.001) ===
minimum = 22048.000698 ms
median  = 22278.756617 ms

=== Adaptive stepping (GPUTsit5, atol=rtol=1e-8) ===
minimum = 21017.021556 ms
median  = 21059.731912 ms

Done.

=== Latest Julia Robertson (default tol) ===
CUDA device: Tesla V100-SXM2-32GB

N = 8388608, rtol = default, atol = default
Warming up...

=== Benchmarking GPURosenbrock23 ===
minimum = 11326.721897 ms
median  = 11326.721897 ms
Appended to results/julia_robertson.csv

Done with N=8388608.


=== Latest Julia Robertson (tight tol) ===
CUDA device: Tesla V100-SXM2-32GB

N = 8388608, rtol = 1.0e-6, atol = 1.0e-9
Warming up...

=== Benchmarking GPURosenbrock23 ===
minimum = 11163.195745 ms
median  = 11163.195745 ms
Appended to results/julia_robertson.csv

Done with N=8388608.

