=== Robertson scaling sweep ===
CUDA device: Tesla V100-SXM2-32GB

N = 1024, rtol = default, atol = default
Warming up...

=== Benchmarking GPURosenbrock23 ===
minimum = 1.362522 ms
median  = 1.47657 ms
Appended to results/julia_robertson.csv

Done with N=1024.

N = 10240, rtol = default, atol = default
Warming up...

=== Benchmarking GPURosenbrock23 ===
minimum = 12.101836 ms
median  = 12.460813 ms
Appended to results/julia_robertson.csv

Done with N=10240.

N = 102400, rtol = default, atol = default
Warming up...

=== Benchmarking GPURosenbrock23 ===
minimum = 121.044736 ms
median  = 134.044879 ms
Appended to results/julia_robertson.csv

Done with N=102400.

N = 1024000, rtol = default, atol = default
Warming up...

=== Benchmarking GPURosenbrock23 ===
minimum = 1275.802354 ms
median  = 1447.472952 ms
Appended to results/julia_robertson.csv

Done with N=1024000.

N = 8388608, rtol = default, atol = default
Warming up...

=== Benchmarking GPURosenbrock23 ===
minimum = 11596.672191 ms
median  = 11596.672191 ms
Appended to results/julia_robertson.csv

Done with N=8388608.


=== Robertson tight tolerances ===
CUDA device: Tesla V100-SXM2-32GB

N = 8388608, rtol = 1.0e-6, atol = 1.0e-9
Warming up...

=== Benchmarking GPURosenbrock23 ===
minimum = 12609.157702 ms
median  = 12609.157702 ms
Appended to results/julia_robertson.csv

Done with N=8388608.

